
ВВОД
Текст T = "NTAG"
Количество образцов n = 3
  Образец #1: "TAGT"
  Образец #2: "TAG"
  Образец #3: "T"

ЭТАП 1: ПОСТРОЕНИЕ БОРА
Начальное число вершин: 1 (корень 0)

Добавляем образец #1 = "TAGT":
  старт в корне (вершина 0)
  'T': из 0 создаём новую вершину 1
  'A': из 1 создаём новую вершину 2
  'G': из 2 создаём новую вершину 3
  'T': из 3 создаём новую вершину 4
  конец образца: вершина 4 помечена как терминальная для #1

Добавляем образец #2 = "TAG":
  старт в корне (вершина 0)
  'T': из 0 идём по существующему переходу в 1
  'A': из 1 идём по существующему переходу в 2
  'G': из 2 идём по существующему переходу в 3
  конец образца: вершина 3 помечена как терминальная для #2

Добавляем образец #3 = "T":
  старт в корне (вершина 0)
  'T': из 0 идём по существующему переходу в 1
  конец образца: вершина 1 помечена как терминальная для #3

--- Таблица переходов бора ---
вершина |  A   C   G   T   N  | терминальные
  0     |  .   .   .  1    .  |
  1     | 2    .   .   .   .  | #3
  2     |  .   .  3    .   .  |
  3     |  .   .   .  4    .  | #2
  4     |  .   .   .   .   .  | #1

ЭТАП 2: ПОСТРОЕНИЕ АВТОМАТА
Инициализация корня: у отсутствующих переходов ставим ссылку в 0,
вершины 1-го уровня получают fail = 0 и попадают в очередь.
  fail[1] = 0
Очередь: [1]

Шаг BFS 1: вершина 1 (fail = 0)
  'A': 1 -> 2, fail[2] = 0
  'C': нет перехода, ссылка в 0
  'G': нет перехода, ссылка в 0
  'T': нет перехода, ссылка в 1
  'N': нет перехода, ссылка в 0
  очередь: [2]

Шаг BFS 2: вершина 2 (fail = 0)
  'A': нет перехода, ссылка в 0
  'C': нет перехода, ссылка в 0
  'G': 2 -> 3, fail[3] = 0
  'T': нет перехода, ссылка в 1
  'N': нет перехода, ссылка в 0
  очередь: [3]

Шаг BFS 3: вершина 3 (fail = 0)
  'A': нет перехода, ссылка в 0
  'C': нет перехода, ссылка в 0
  'G': нет перехода, ссылка в 0
  'T': 3 -> 4, fail[4] = 1
  'N': нет перехода, ссылка в 0
  очередь: [4]

Шаг BFS 4: вершина 4 (fail = 1)
  outLink[4] = 1
  'A': нет перехода, ссылка в 2
  'C': нет перехода, ссылка в 0
  'G': нет перехода, ссылка в 0
  'T': нет перехода, ссылка в 1
  'N': нет перехода, ссылка в 0
  очередь: []

ЭТАП 3: ОПИСАНИЕ ВЕРШИН
Вершина 0: fail = 0, outLink = -1, переходы: A->0  C->0  G->0  T->1  N->0  , терминальные: нет
Вершина 1: fail = 0, outLink = -1, переходы: A->2  C->0  G->0  T->1  N->0  , терминальные: #3
Вершина 2: fail = 0, outLink = -1, переходы: A->0  C->0  G->3  T->1  N->0  , терминальные: нет
Вершина 3: fail = 0, outLink = -1, переходы: A->0  C->0  G->0  T->4  N->0  , терминальные: #2
Вершина 4: fail = 1, outLink = 1, переходы: A->2  C->0  G->0  T->1  N->0  , терминальные: #1

DOT-файл сохранён: automaton.dot
Для картинки: dot -Tpng automaton.dot -o automaton.png

ЭТАП 4: ПОИСК В ТЕКСТЕ
Символ #1 = 'N': 0 -> 0
Символ #2 = 'T': 0 -> 1
  образец #3 (старт 2)
Символ #3 = 'A': 1 -> 2
Символ #4 = 'G': 2 -> 3
  образец #2 (старт 2)

РЕЗУЛЬТАТ
Найдено вхождений: 2
