
========== ВВОД ==========
Текст   T = "ACTANCA" (длина 7)
Образец P = "A$$A$" (длина 5)
Джокер  wild = '$'

========== ЭТАП 1: РАЗБИЕНИЕ ОБРАЗЦА ==========
Найдено сегментов (жёстких кусков между джокерами): 2
  Сегмент #0: offset = 0, строка = "A"
  Сегмент #1: offset = 3, строка = "A"

========== ЭТАП 2: ПОСТРОЕНИЕ БОРА ==========

Добавляем сегмент #0 = "A":
  'A': из 0 создаём вершину 1
  конец сегмента: вершина 1 помечена терминальной для #0

Добавляем сегмент #1 = "A":
  'A': из 0 идём в существующую 1
  конец сегмента: вершина 1 помечена терминальной для #1

========== ЭТАП 3: ПОСТРОЕНИЕ АВТОМАТА ==========
  fail[1] = 0
Очередь: [1]

Шаг BFS 1: вершина 1 (fail = 0)
  'A': ссылка в 1
  'C': ссылка в 0
  'G': ссылка в 0
  'T': ссылка в 0
  'N': ссылка в 0
  очередь: []

========== ЭТАП 4: ОПИСАНИЕ ВЕРШИН ==========
Вершина 0: fail = 0, терминальные сегменты: нет
Вершина 1: fail = 0, терминальные сегменты: #0 #1

DOT-файл сохранён: automaton.dot
Для картинки: dot -Tpng automaton.dot -o automaton.png

========== ЭТАП 5: ПОИСК В ТЕКСТЕ ==========
Символ #1 = 'A': 0 -> 1
  найден сегмент #0 (offset 0) -> возможный старт образца 1, cnt[0] = 1
Символ #2 = 'C': 1 -> 0
Символ #3 = 'T': 0 -> 0
Символ #4 = 'A': 0 -> 1
  найден сегмент #1 (offset 3) -> возможный старт образца 1, cnt[0] = 2
Символ #5 = 'N': 1 -> 0
Символ #6 = 'C': 0 -> 0
Символ #7 = 'A': 0 -> 1

========== РЕЗУЛЬТАТ ==========
Всего сегментов: 2
Позиции, где совпали все сегменты:
  1 (cnt = 2)
